Lamp test sample: 150 gen, 150 imp; 532 unique imgs
Device: mps (Apple GPU / Metal)

--- axis=blur intensity=0.0 ---
  baseline_cnn    EER=0.0600
  strip_cnn       EER=0.3333
  iriscode        EER=0.2667

--- axis=blur intensity=1.0 ---
  baseline_cnn    EER=0.0800
  strip_cnn       EER=0.3333
  iriscode        EER=0.2667

--- axis=blur intensity=2.0 ---
  baseline_cnn    EER=0.1067
  strip_cnn       EER=0.3467
  iriscode        EER=0.2633

--- axis=blur intensity=3.0 ---
  baseline_cnn    EER=0.1200
  strip_cnn       EER=0.3300
  iriscode        EER=0.2933

--- axis=blur intensity=4.0 ---
  baseline_cnn    EER=0.1600
  strip_cnn       EER=0.3800
  iriscode        EER=0.3133

--- axis=noise intensity=0.0 ---
  baseline_cnn    EER=0.0600
  strip_cnn       EER=0.3333
  iriscode        EER=0.2667

--- axis=noise intensity=5.0 ---
  baseline_cnn    EER=0.0733
  strip_cnn       EER=0.3067
  iriscode        EER=0.2467

--- axis=noise intensity=10.0 ---
  baseline_cnn    EER=0.1000
  strip_cnn       EER=0.3100
  iriscode        EER=0.2733

--- axis=noise intensity=20.0 ---
  baseline_cnn    EER=0.1400
  strip_cnn       EER=0.3800
  iriscode        EER=0.3733

--- axis=noise intensity=30.0 ---
  baseline_cnn    EER=0.1433
  strip_cnn       EER=0.3467
  iriscode        EER=0.3733

--- axis=illumination intensity=-0.4 ---
  baseline_cnn    EER=0.1933
  strip_cnn       EER=0.3133
  iriscode        EER=0.2733

--- axis=illumination intensity=-0.2 ---
  baseline_cnn    EER=0.0967
  strip_cnn       EER=0.3133
  iriscode        EER=0.2733

--- axis=illumination intensity=0.0 ---
  baseline_cnn    EER=0.0600
  strip_cnn       EER=0.3333
  iriscode        EER=0.2667

--- axis=illumination intensity=0.2 ---
  baseline_cnn    EER=0.0800
  strip_cnn       EER=0.3167
  iriscode        EER=0.2633

--- axis=illumination intensity=0.4 ---
  baseline_cnn    EER=0.1000
  strip_cnn       EER=0.3300
  iriscode        EER=0.2733

Wrote /Users/hrishi/Desktop/dev/Milestone1 BSAI/checkpoint_deliverable/results/robustness_casia_lamp.csv
